C51 COMPILER V9.01   TEMP                                                                  02/08/2019 12:28:33 PAGE 1   


C51 COMPILER V9.01, COMPILATION OF MODULE TEMP
OBJECT MODULE PLACED IN temp.OBJ
COMPILER INVOKED BY: C:\Program Files\C51\BIN\C51.EXE temp.c BROWSE DEBUG OBJECTEXTEND

line level    source

   1          
   2          #define MAIN_Fosc               22118400L       //定义主时钟
   3          
   4          #include        "STC15Fxxxx.H"
   5          //========================================================================
   6          // 函数: u16    Get_ADC10bitResult(u8 channel)
   7          // 描述: 查询法读一次ADC结果.
   8          // 参数: channel: 选择要转换的ADC.
   9          // 返回: 10位ADC结果.
  10          // 版本: V1.0, 2012-10-22
  11          //========================================================================
  12           u16    Get_ADC10bitResult(u8 channel)  //channel = 0~7
  13          {
  14   1              ADC_RES = 0;
  15   1              ADC_RESL = 0;
  16   1      
  17   1              ADC_CONTR = (ADC_CONTR & 0xe0) | 0x08 | channel;        //start the ADC
  18   1              NOP(4);
  19   1      
  20   1              while((ADC_CONTR & 0x10) == 0)  ;       //wait for ADC finish
  21   1              ADC_CONTR &= ~0x10;             //清除ADC结束标志
  22   1              return  (((u16)ADC_RES << 2) | (ADC_RESL & 3));
  23   1      }
  24          
  25          
  26          //      MF52E 10K at 25, B = 3950, ADC = 12 bits
  27          u16 code temp_table[]={
  28                          509,    //;-15  0
  29                          533,    //;-14  1
  30                          558,    //;-13  2
  31                          583,    //;-12  3
  32                          610,    //;-11  4
  33                          638,    //;-10  5
  34                          667,    //;-9   6
  35                          696,    //;-8   7
  36                          727,    //;-7   8
  37                          758,    //;-6   9
  38                          791,    //;-5   10
  39                          824,    //;-4   11
  40                          858,    //;-3   12
  41                          893,    //;-2   13
  42                          929,    //;-1   14
  43                          965,    //;0    15
  44                          1003,   //;1    16
  45                          1041,   //;2    17
  46                          1080,   //;3    18
  47                          1119,   //;4    19
  48                          1160,   //;5    20
  49                          1201,   //;6    21
  50                          1243,   //;7    22
  51                          1285,   //;8    23
  52                          1328,   //;9    24
  53                          1371,   //;10   25
  54                          1414,   //;11   26
  55                          1459,   //;12   27
C51 COMPILER V9.01   TEMP                                                                  02/08/2019 12:28:33 PAGE 2   

  56                          1503,   //;13   28
  57                          1548,   //;14   29
  58                          1593,   //;15   30
  59                          1638,   //;16   31
  60                          1684,   //;17   32
  61                          1730,   //;18   33
  62                          1775,   //;19   34
  63                          1821,   //;20   35
  64                          1867,   //;21   36
  65                          1912,   //;22   37
  66                          1958,   //;23   38
  67                          2003,   //;24   39
  68                          2048,   //;25   40
  69                          2093,   //;26   41
  70                          2137,   //;27   42
  71                          2182,   //;28   43
  72                          2225,   //;29   44
  73                          2269,   //;30   45
  74                          2312,   //;31   46
  75                          2354,   //;32   47
  76                          2397,   //;33   48
  77                          2438,   //;34   49
  78                          2479,   //;35   50
  79                          2519,   //;36   51
  80                          2559,   //;37   52
  81                          2598,   //;38   53
  82                          2637,   //;39   54
  83                          2675,   //;40   55
  84                          2712,   //;41   56
  85                          2748,   //;42   57
  86                          2784,   //;43   58
  87                          2819,   //;44   59
  88                          2853,   //;45   60
  89                          2887,   //;46   61
  90                          2920,   //;47   62
  91                          2952,   //;48   63
  92                          2984,   //;49   64
  93                          3014,   //;50   65
  94          
  95          };
  96          
  97          /********************  计算温度 ***********************************************/
  98          // 计算结果: 0对应-15.0度, 150对应0度, 最大650对应50度. 
  99          // 为了通用, ADC输入为12bit的ADC值.
 100          // 电路和软件算法设计: Coody
 101          /**********************************************/
 102          
 103          #define         D_SCALE         10              //结果放大倍数, 放大10倍就是保留一位小数
 104          u16     get_temperature(u16 adc)
 105          {
 106   1              u16     code *p;
 107   1              u16     i;
 108   1              u8      j,k,min,max;
 109   1              
 110   1              adc = 4096 - adc;       //Rt接地
 111   1              p = temp_table;
 112   1              if(adc < p[0])          return (0xfffe);
 113   1              if(adc > p[65]) return (0xffff);
 114   1              
 115   1              min = 0;                //-15度
 116   1              max = 65;               //50度
 117   1      
C51 COMPILER V9.01   TEMP                                                                  02/08/2019 12:28:33 PAGE 3   

 118   1              for(j=0; j<5; j++)      //对分查表
 119   1              {
 120   2                      k = min / 2 + max / 2;
 121   2                      if(adc <= p[k]) max = k;
 122   2                      else                    min = k;
 123   2              }
 124   1                       if(adc == p[min])      i = min * D_SCALE;
 125   1              else if(adc == p[max])  i = max * D_SCALE;
 126   1              else    // min < temp < max
 127   1              {
 128   2                      while(min <= max)
 129   2                      {
 130   3                              min++;
 131   3                              if(adc == p[min])       {i = min * D_SCALE;     break;}
 132   3                              else if(adc < p[min])
 133   3                              {
 134   4                                      min--;
 135   4                                      i = p[min];     //min
 136   4                                      j = (adc - i) * D_SCALE / (p[min+1] - i);
 137   4                                      i = min;
 138   4                                      i *= D_SCALE;
 139   4                                      i += j;
 140   4                                      break;
 141   4                              }
 142   3                      }
 143   2              }
 144   1              return i;
 145   1      }
 146          


MODULE INFORMATION:   STATIC OVERLAYABLE
   CODE SIZE        =    421    ----
   CONSTANT SIZE    =    132    ----
   XDATA SIZE       =   ----    ----
   PDATA SIZE       =   ----    ----
   DATA SIZE        =   ----       7
   IDATA SIZE       =   ----    ----
   BIT SIZE         =   ----    ----
END OF MODULE INFORMATION.


C51 COMPILATION COMPLETE.  0 WARNING(S),  0 ERROR(S)
